
> minuta-reunion-vendedores@0.0.0 build
> vite build

[36mvite v7.3.1 [32mbuilding client environment for production...[36m[39m
transforming...
[32m✓[39m 1777 modules transformed.
[31m✗[39m Build failed in 3.40s
[31merror during build:
[31msrc/components/DashboardGerencia.jsx (2:45): "query" is not exported by "src/firebase.js", imported by "src/components/DashboardGerencia.jsx".[31m
file: [36mC:/Proyectos_Antigravity/Minuta Reunion Vendedores/src/components/DashboardGerencia.jsx:2:45[31m
[33m
1: import React, { useState, useEffect } from 'react';
2: import { db, collection, addDoc, onSnapshot, query, where, orderBy } from '../firebase';
                                                ^
3: import { useAuth } from '../contexts/AuthContext';
4: import { PlusCircle, Clock, CheckCircle, Users } from 'lucide-react';
[31m
    at getRollupError (file:///C:/Proyectos_Antigravity/Minuta%20Reunion%20Vendedores/node_modules/rollup/dist/es/shared/parseAst.js:402:41)
    at error (file:///C:/Proyectos_Antigravity/Minuta%20Reunion%20Vendedores/node_modules/rollup/dist/es/shared/parseAst.js:398:42)
    at Module.error (file:///C:/Proyectos_Antigravity/Minuta%20Reunion%20Vendedores/node_modules/rollup/dist/es/shared/node-entry.js:17040:16)
    at Module.traceVariable (file:///C:/Proyectos_Antigravity/Minuta%20Reunion%20Vendedores/node_modules/rollup/dist/es/shared/node-entry.js:17452:29)
    at ModuleScope.findVariable (file:///C:/Proyectos_Antigravity/Minuta%20Reunion%20Vendedores/node_modules/rollup/dist/es/shared/node-entry.js:15070:39)
    at FunctionScope.findVariable (file:///C:/Proyectos_Antigravity/Minuta%20Reunion%20Vendedores/node_modules/rollup/dist/es/shared/node-entry.js:5673:38)
    at FunctionBodyScope.findVariable (file:///C:/Proyectos_Antigravity/Minuta%20Reunion%20Vendedores/node_modules/rollup/dist/es/shared/node-entry.js:5673:38)
    at ReturnValueScope.findVariable (file:///C:/Proyectos_Antigravity/Minuta%20Reunion%20Vendedores/node_modules/rollup/dist/es/shared/node-entry.js:5673:38)
    at FunctionBodyScope.findVariable (file:///C:/Proyectos_Antigravity/Minuta%20Reunion%20Vendedores/node_modules/rollup/dist/es/shared/node-entry.js:5673:38)
    at Identifier.bind (file:///C:/Proyectos_Antigravity/Minuta%20Reunion%20Vendedores/node_modules/rollup/dist/es/shared/node-entry.js:5447:40)[39m
